src/components/OverlayUI.tsx(141,137): error TS17001: JSX elements cannot have multiple attributes with the same name.
